[INFO] Scanning for projects...
[INFO] 
[INFO] -----------------< net.engineeringDigestt:JournalApp >------------------
[INFO] Building  0.0.1-SNAPSHOT
[INFO]   from pom.xml
[INFO] --------------------------------[ jar ]---------------------------------
[INFO] 
[INFO] >>> spring-boot:4.0.4:run (default-cli) > test-compile @ JournalApp >>>
[INFO] 
[INFO] --- resources:3.3.1:resources (default-resources) @ JournalApp ---
[INFO] Copying 1 resource from src\main\resources to target\classes
[INFO] Copying 0 resource from src\main\resources to target\classes
[INFO] 
[INFO] --- compiler:3.14.1:compile (default-compile) @ JournalApp ---
[INFO] Nothing to compile - all classes are up to date.
[INFO] 
[INFO] --- resources:3.3.1:testResources (default-testResources) @ JournalApp ---
[INFO] skip non existing resourceDirectory D:\JournalApp\JournalAppp\src\test\resources
[INFO] 
[INFO] --- compiler:3.14.1:testCompile (default-testCompile) @ JournalApp ---
[INFO] Nothing to compile - all classes are up to date.
[INFO] 
[INFO] <<< spring-boot:4.0.4:run (default-cli) < test-compile @ JournalApp <<<
[INFO] 
[INFO] 
[INFO] --- spring-boot:4.0.4:run (default-cli) @ JournalApp ---
[INFO] Attaching agents: []

  .   ____          _            __ _ _
 /\\ / ___'_ __ _ _(_)_ __  __ _ \ \ \ \
( ( )\___ | '_ | '_| | '_ \/ _` | \ \ \ \
 \\/  ___)| |_)| | | | | || (_| |  ) ) ) )
  '  |____| .__|_| |_|_| |_\__, | / / / /
 =========|_|==============|___/=/_/_/_/

 :: Spring Boot ::                (v4.0.4)

2026-05-09T18:25:39.722+05:30  INFO 14556 --- [           main] n.e.JournalApp.JournalAppApplication     : Starting JournalAppApplication using Java 25.0.2 with PID 14556 (D:\JournalApp\JournalAppp\target\classes started by Prash in D:\JournalApp\JournalAppp)
2026-05-09T18:25:39.730+05:30  INFO 14556 --- [           main] n.e.JournalApp.JournalAppApplication     : No active profile set, falling back to 1 default profile: "default"
2026-05-09T18:25:40.666+05:30  INFO 14556 --- [           main] .s.d.r.c.RepositoryConfigurationDelegate : Bootstrapping Spring Data MongoDB repositories in DEFAULT mode.
2026-05-09T18:25:40.747+05:30  INFO 14556 --- [           main] .s.d.r.c.RepositoryConfigurationDelegate : Finished Spring Data repository scanning in 66 ms. Found 2 MongoDB repository interfaces.
2026-05-09T18:25:41.427+05:30  INFO 14556 --- [           main] o.s.boot.tomcat.TomcatWebServer          : Tomcat initialized with port 8085 (http)
2026-05-09T18:25:41.451+05:30  INFO 14556 --- [           main] o.apache.catalina.core.StandardService   : Starting service [Tomcat]
2026-05-09T18:25:41.452+05:30  INFO 14556 --- [           main] o.apache.catalina.core.StandardEngine    : Starting Servlet engine: [Apache Tomcat/11.0.18]
2026-05-09T18:25:41.528+05:30  INFO 14556 --- [           main] b.w.c.s.WebApplicationContextInitializer : Root WebApplicationContext: initialization completed in 1694 ms
2026-05-09T18:25:41.852+05:30  INFO 14556 --- [wxi.mongodb.net] org.mongodb.driver.cluster               : Adding discovered server ac-xgimyhh-shard-00-02.l4wiwxi.mongodb.net:27017 to client view of cluster
2026-05-09T18:25:41.860+05:30  INFO 14556 --- [           main] org.mongodb.driver.client                : MongoClient with metadata {"application": {"name": "Cluster0"}, "driver": {"name": "mongo-java-driver|spring-boot|sync", "version": "5.6.4"}, "os": {"type": "Windows", "name": "Windows 11", "architecture": "amd64", "version": "10.0"}, "platform": "Java/Eclipse Adoptium/25.0.2+10-LTS"} created with settings MongoClientSettings{readPreference=primary, writeConcern=WriteConcern{w=null, wTimeout=null ms, journal=null}, retryWrites=true, retryReads=true, readConcern=ReadConcern{level=null}, credential=MongoCredential{mechanism=null, userName='greatmanfor01_db_user', source='admin', password=<hidden>, mechanismProperties=<hidden>}, transportSettings=null, commandListeners=[], codecRegistry=ProvidersCodecRegistry{codecProviders=[ValueCodecProvider{}, BsonValueCodecProvider{}, DBRefCodecProvider{}, DBObjectCodecProvider{}, DocumentCodecProvider{}, CollectionCodecProvider{}, IterableCodecProvider{}, MapCodecProvider{}, GeoJsonCodecProvider{}, GridFSFileCodecProvider{}, Jsr310CodecProvider{}, JsonObjectCodecProvider{}, BsonCodecProvider{}, com.mongodb.client.model.mql.ExpressionCodecProvider@7d0100ea, com.mongodb.Jep395RecordCodecProvider@357bc488, com.mongodb.KotlinCodecProvider@4ea17147, EnumCodecProvider{}]}, loggerSettings=LoggerSettings{maxDocumentLength=1000}, clusterSettings={hosts=[127.0.0.1:27017], srvHost=cluster0.l4wiwxi.mongodb.net, srvServiceName=mongodb, mode=MULTIPLE, requiredClusterType=REPLICA_SET, requiredReplicaSetName='atlas-10vxkf-shard-0', serverSelector='null', clusterListeners='[]', serverSelectionTimeout='30000 ms', localThreshold='15 ms'}, socketSettings=SocketSettings{connectTimeoutMS=10000, readTimeoutMS=0, receiveBufferSize=0, proxySettings=ProxySettings{host=null, port=null, username=null, password=null}}, heartbeatSocketSettings=SocketSettings{connectTimeoutMS=10000, readTimeoutMS=10000, receiveBufferSize=0, proxySettings=ProxySettings{host=null, port=null, username=null, password=null}}, connectionPoolSettings=ConnectionPoolSettings{maxSize=100, minSize=0, maxWaitTimeMS=120000, maxConnectionLifeTimeMS=0, maxConnectionIdleTimeMS=0, maintenanceInitialDelayMS=0, maintenanceFrequencyMS=60000, connectionPoolListeners=[], maxConnecting=2}, serverSettings=ServerSettings{heartbeatFrequencyMS=10000, minHeartbeatFrequencyMS=500, serverMonitoringMode=AUTO, serverListeners='[]', serverMonitorListeners='[]'}, sslSettings=SslSettings{enabled=true, invalidHostNameAllowed=false, context=null}, applicationName='Cluster0', compressorList=[], uuidRepresentation=UNSPECIFIED, serverApi=null, autoEncryptionSettings=null, dnsClient=null, inetAddressResolver=null, contextProvider=null, timeoutMS=null}
2026-05-09T18:25:41.892+05:30  INFO 14556 --- [wxi.mongodb.net] org.mongodb.driver.cluster               : Adding discovered server ac-xgimyhh-shard-00-00.l4wiwxi.mongodb.net:27017 to client view of cluster
2026-05-09T18:25:41.893+05:30  INFO 14556 --- [wxi.mongodb.net] org.mongodb.driver.cluster               : Adding discovered server ac-xgimyhh-shard-00-01.l4wiwxi.mongodb.net:27017 to client view of cluster
2026-05-09T18:25:42.269+05:30  INFO 14556 --- [           main] org.mongodb.driver.cluster               : Waiting for server to become available for operation createIndexes with ID 5. Remaining time: 29991 ms. Selector: WritableServerSelector, topology description: {type=REPLICA_SET, servers=[{address=ac-xgimyhh-shard-00-00.l4wiwxi.mongodb.net:27017, type=UNKNOWN, state=CONNECTING}, {address=ac-xgimyhh-shard-00-01.l4wiwxi.mongodb.net:27017, type=UNKNOWN, state=CONNECTING}, {address=ac-xgimyhh-shard-00-02.l4wiwxi.mongodb.net:27017, type=UNKNOWN, state=CONNECTING}].
2026-05-09T18:25:42.566+05:30  INFO 14556 --- [ngodb.net:27017] org.mongodb.driver.cluster               : Monitor thread successfully connected to server with description ServerDescription{address=ac-xgimyhh-shard-00-01.l4wiwxi.mongodb.net:27017, type=REPLICA_SET_PRIMARY, cryptd=false, state=CONNECTED, ok=true, minWireVersion=0, maxWireVersion=25, maxDocumentSize=16777216, logicalSessionTimeoutMinutes=30, roundTripTimeNanos=417158100, minRoundTripTimeNanos=0, setName='atlas-10vxkf-shard-0', canonicalAddress=ac-xgimyhh-shard-00-01.l4wiwxi.mongodb.net:27017, hosts=[ac-xgimyhh-shard-00-02.l4wiwxi.mongodb.net:27017, ac-xgimyhh-shard-00-00.l4wiwxi.mongodb.net:27017, ac-xgimyhh-shard-00-01.l4wiwxi.mongodb.net:27017], passives=[], arbiters=[], primary='ac-xgimyhh-shard-00-01.l4wiwxi.mongodb.net:27017', tagSet=TagSet{[Tag{name='availabilityZone', value='aps1-az3'}, Tag{name='cacheState', value='READY'}, Tag{name='diskState', value='READY'}, Tag{name='nodeType', value='ELECTABLE'}, Tag{name='provider', value='AWS'}, Tag{name='region', value='AP_SOUTH_1'}, Tag{name='workloadType', value='OPERATIONAL'}]}, electionId=7fffffff0000000000000149, setVersion=223, topologyVersion=TopologyVersion{processId=69fe0d40c247a65150b65f12, counter=6}, lastWriteDate=Sat May 09 18:25:39 IST 2026, lastUpdateTimeNanos=672219154283100}
2026-05-09T18:25:42.567+05:30  INFO 14556 --- [ngodb.net:27017] org.mongodb.driver.cluster               : Monitor thread successfully connected to server with description ServerDescription{address=ac-xgimyhh-shard-00-00.l4wiwxi.mongodb.net:27017, type=REPLICA_SET_SECONDARY, cryptd=false, state=CONNECTED, ok=true, minWireVersion=0, maxWireVersion=25, maxDocumentSize=16777216, logicalSessionTimeoutMinutes=30, roundTripTimeNanos=417150800, minRoundTripTimeNanos=0, setName='atlas-10vxkf-shard-0', canonicalAddress=ac-xgimyhh-shard-00-00.l4wiwxi.mongodb.net:27017, hosts=[ac-xgimyhh-shard-00-02.l4wiwxi.mongodb.net:27017, ac-xgimyhh-shard-00-00.l4wiwxi.mongodb.net:27017, ac-xgimyhh-shard-00-01.l4wiwxi.mongodb.net:27017], passives=[], arbiters=[], primary='ac-xgimyhh-shard-00-01.l4wiwxi.mongodb.net:27017', tagSet=TagSet{[Tag{name='availabilityZone', value='aps1-az1'}, Tag{name='cacheState', value='READY'}, Tag{name='diskState', value='READY'}, Tag{name='nodeType', value='ELECTABLE'}, Tag{name='provider', value='AWS'}, Tag{name='region', value='AP_SOUTH_1'}, Tag{name='workloadType', value='OPERATIONAL'}]}, electionId=null, setVersion=223, topologyVersion=TopologyVersion{processId=69fe0ae146de9296915f8b11, counter=4}, lastWriteDate=Sat May 09 18:25:39 IST 2026, lastUpdateTimeNanos=672219154282900}
2026-05-09T18:25:42.567+05:30  INFO 14556 --- [ngodb.net:27017] org.mongodb.driver.cluster               : Monitor thread successfully connected to server with description ServerDescription{address=ac-xgimyhh-shard-00-02.l4wiwxi.mongodb.net:27017, type=REPLICA_SET_SECONDARY, cryptd=false, state=CONNECTED, ok=true, minWireVersion=0, maxWireVersion=25, maxDocumentSize=16777216, logicalSessionTimeoutMinutes=30, roundTripTimeNanos=418402800, minRoundTripTimeNanos=0, setName='atlas-10vxkf-shard-0', canonicalAddress=ac-xgimyhh-shard-00-02.l4wiwxi.mongodb.net:27017, hosts=[ac-xgimyhh-shard-00-02.l4wiwxi.mongodb.net:27017, ac-xgimyhh-shard-00-00.l4wiwxi.mongodb.net:27017, ac-xgimyhh-shard-00-01.l4wiwxi.mongodb.net:27017], passives=[], arbiters=[], primary='ac-xgimyhh-shard-00-01.l4wiwxi.mongodb.net:27017', tagSet=TagSet{[Tag{name='availabilityZone', value='aps1-az2'}, Tag{name='cacheState', value='READY'}, Tag{name='diskState', value='READY'}, Tag{name='nodeType', value='ELECTABLE'}, Tag{name='provider', value='AWS'}, Tag{name='region', value='AP_SOUTH_1'}, Tag{name='workloadType', value='OPERATIONAL'}]}, electionId=null, setVersion=223, topologyVersion=TopologyVersion{processId=69fe0fafd2d9861be8990388, counter=3}, lastWriteDate=Sat May 09 18:25:39 IST 2026, lastUpdateTimeNanos=672219155533100}
2026-05-09T18:25:42.573+05:30  INFO 14556 --- [ngodb.net:27017] org.mongodb.driver.cluster               : Discovered replica set primary ac-xgimyhh-shard-00-01.l4wiwxi.mongodb.net:27017 with max election id 7fffffff0000000000000149 and max set version 223
2026-05-09T18:25:43.257+05:30  INFO 14556 --- [           main] eAuthenticationProviderManagerConfigurer : Global AuthenticationManager configured with AuthenticationProvider bean with name authenticationProvider
2026-05-09T18:25:43.262+05:30  WARN 14556 --- [           main] r$InitializeUserDetailsManagerConfigurer : Global AuthenticationManager configured with an AuthenticationProvider bean. UserDetailsService beans will not be used by Spring Security for automatically configuring username/password login. Consider removing the AuthenticationProvider bean. Alternatively, consider using the UserDetailsService in a manually instantiated DaoAuthenticationProvider. If the current configuration is intentional, to turn off this warning, increase the logging level of 'org.springframework.security.config.annotation.authentication.configuration.InitializeUserDetailsBeanManagerConfigurer' to ERROR
2026-05-09T18:25:43.574+05:30  INFO 14556 --- [           main] o.s.boot.tomcat.TomcatWebServer          : Tomcat started on port 8085 (http) with context path '/'
2026-05-09T18:25:43.581+05:30  INFO 14556 --- [           main] n.e.JournalApp.JournalAppApplication     : Started JournalAppApplication in 4.494 seconds (process running for 5.064)
2026-05-09T18:26:00.838+05:30  INFO 14556 --- [nio-8085-exec-1] o.a.c.c.C.[Tomcat].[localhost].[/]       : Initializing Spring DispatcherServlet 'dispatcherServlet'
2026-05-09T18:26:00.841+05:30  INFO 14556 --- [nio-8085-exec-1] o.s.web.servlet.DispatcherServlet        : Initializing Servlet 'dispatcherServlet'
2026-05-09T18:26:00.844+05:30  INFO 14556 --- [nio-8085-exec-1] o.s.web.servlet.DispatcherServlet        : Completed initialization in 2 ms
