[INFO] Scanning for projects...
[INFO] 
[INFO] -----------------< net.engineeringDigestt:JournalApp >------------------
[INFO] Building  0.0.1-SNAPSHOT
[INFO]   from pom.xml
[INFO] --------------------------------[ jar ]---------------------------------
[INFO] 
[INFO] >>> spring-boot:4.0.4:run (default-cli) > test-compile @ JournalApp >>>
[INFO] 
[INFO] --- resources:3.3.1:resources (default-resources) @ JournalApp ---
[INFO] Copying 1 resource from src\main\resources to target\classes
[INFO] Copying 0 resource from src\main\resources to target\classes
[INFO] 
[INFO] --- compiler:3.14.1:compile (default-compile) @ JournalApp ---
[INFO] Nothing to compile - all classes are up to date.
[INFO] 
[INFO] --- resources:3.3.1:testResources (default-testResources) @ JournalApp ---
[INFO] skip non existing resourceDirectory D:\JournalApp\JournalAppp\src\test\resources
[INFO] 
[INFO] --- compiler:3.14.1:testCompile (default-testCompile) @ JournalApp ---
[INFO] Nothing to compile - all classes are up to date.
[INFO] 
[INFO] <<< spring-boot:4.0.4:run (default-cli) < test-compile @ JournalApp <<<
[INFO] 
[INFO] 
[INFO] --- spring-boot:4.0.4:run (default-cli) @ JournalApp ---
[INFO] Attaching agents: []

  .   ____          _            __ _ _
 /\\ / ___'_ __ _ _(_)_ __  __ _ \ \ \ \
( ( )\___ | '_ | '_| | '_ \/ _` | \ \ \ \
 \\/  ___)| |_)| | | | | || (_| |  ) ) ) )
  '  |____| .__|_| |_|_| |_\__, | / / / /
 =========|_|==============|___/=/_/_/_/

 :: Spring Boot ::                (v4.0.4)

2026-04-28T19:38:13.288+05:30  INFO 2300 --- [           main] n.e.JournalApp.JournalAppApplication     : Starting JournalAppApplication using Java 25.0.2 with PID 2300 (D:\JournalApp\JournalAppp\target\classes started by Prash in D:\JournalApp\JournalAppp)
2026-04-28T19:38:13.298+05:30  INFO 2300 --- [           main] n.e.JournalApp.JournalAppApplication     : No active profile set, falling back to 1 default profile: "default"
2026-04-28T19:38:14.368+05:30  INFO 2300 --- [           main] .s.d.r.c.RepositoryConfigurationDelegate : Bootstrapping Spring Data MongoDB repositories in DEFAULT mode.
2026-04-28T19:38:14.442+05:30  INFO 2300 --- [           main] .s.d.r.c.RepositoryConfigurationDelegate : Finished Spring Data repository scanning in 62 ms. Found 2 MongoDB repository interfaces.
2026-04-28T19:38:15.017+05:30  INFO 2300 --- [           main] o.s.boot.tomcat.TomcatWebServer          : Tomcat initialized with port 8082 (http)
2026-04-28T19:38:15.037+05:30  INFO 2300 --- [           main] o.apache.catalina.core.StandardService   : Starting service [Tomcat]
2026-04-28T19:38:15.038+05:30  INFO 2300 --- [           main] o.apache.catalina.core.StandardEngine    : Starting Servlet engine: [Apache Tomcat/11.0.18]
2026-04-28T19:38:15.112+05:30  INFO 2300 --- [           main] b.w.c.s.WebApplicationContextInitializer : Root WebApplicationContext: initialization completed in 1703 ms
2026-04-28T19:38:15.706+05:30  INFO 2300 --- [           main] org.mongodb.driver.client                : MongoClient with metadata {"application": {"name": "Cluster0"}, "driver": {"name": "mongo-java-driver|spring-boot|sync", "version": "5.6.4"}, "os": {"type": "Windows", "name": "Windows 11", "architecture": "amd64", "version": "10.0"}, "platform": "Java/Eclipse Adoptium/25.0.2+10-LTS"} created with settings MongoClientSettings{readPreference=primary, writeConcern=WriteConcern{w=null, wTimeout=null ms, journal=null}, retryWrites=true, retryReads=true, readConcern=ReadConcern{level=null}, credential=MongoCredential{mechanism=null, userName='greatmanfor01_db_user', source='admin', password=<hidden>, mechanismProperties=<hidden>}, transportSettings=null, commandListeners=[], codecRegistry=ProvidersCodecRegistry{codecProviders=[ValueCodecProvider{}, BsonValueCodecProvider{}, DBRefCodecProvider{}, DBObjectCodecProvider{}, DocumentCodecProvider{}, CollectionCodecProvider{}, IterableCodecProvider{}, MapCodecProvider{}, GeoJsonCodecProvider{}, GridFSFileCodecProvider{}, Jsr310CodecProvider{}, JsonObjectCodecProvider{}, BsonCodecProvider{}, com.mongodb.client.model.mql.ExpressionCodecProvider@f1266c6, com.mongodb.Jep395RecordCodecProvider@3913f206, com.mongodb.KotlinCodecProvider@3e8799f, EnumCodecProvider{}]}, loggerSettings=LoggerSettings{maxDocumentLength=1000}, clusterSettings={hosts=[127.0.0.1:27017], srvHost=cluster0.l4wiwxi.mongodb.net, srvServiceName=mongodb, mode=MULTIPLE, requiredClusterType=REPLICA_SET, requiredReplicaSetName='atlas-10vxkf-shard-0', serverSelector='null', clusterListeners='[]', serverSelectionTimeout='30000 ms', localThreshold='15 ms'}, socketSettings=SocketSettings{connectTimeoutMS=10000, readTimeoutMS=0, receiveBufferSize=0, proxySettings=ProxySettings{host=null, port=null, username=null, password=null}}, heartbeatSocketSettings=SocketSettings{connectTimeoutMS=10000, readTimeoutMS=10000, receiveBufferSize=0, proxySettings=ProxySettings{host=null, port=null, username=null, password=null}}, connectionPoolSettings=ConnectionPoolSettings{maxSize=100, minSize=0, maxWaitTimeMS=120000, maxConnectionLifeTimeMS=0, maxConnectionIdleTimeMS=0, maintenanceInitialDelayMS=0, maintenanceFrequencyMS=60000, connectionPoolListeners=[], maxConnecting=2}, serverSettings=ServerSettings{heartbeatFrequencyMS=10000, minHeartbeatFrequencyMS=500, serverMonitoringMode=AUTO, serverListeners='[]', serverMonitorListeners='[]'}, sslSettings=SslSettings{enabled=true, invalidHostNameAllowed=false, context=null}, applicationName='Cluster0', compressorList=[], uuidRepresentation=UNSPECIFIED, serverApi=null, autoEncryptionSettings=null, dnsClient=null, inetAddressResolver=null, contextProvider=null, timeoutMS=null}
2026-04-28T19:38:15.811+05:30  INFO 2300 --- [wxi.mongodb.net] org.mongodb.driver.cluster               : Adding discovered server ac-xgimyhh-shard-00-02.l4wiwxi.mongodb.net:27017 to client view of cluster
2026-04-28T19:38:15.838+05:30  INFO 2300 --- [wxi.mongodb.net] org.mongodb.driver.cluster               : Adding discovered server ac-xgimyhh-shard-00-00.l4wiwxi.mongodb.net:27017 to client view of cluster
2026-04-28T19:38:15.840+05:30  INFO 2300 --- [wxi.mongodb.net] org.mongodb.driver.cluster               : Adding discovered server ac-xgimyhh-shard-00-01.l4wiwxi.mongodb.net:27017 to client view of cluster
2026-04-28T19:38:16.106+05:30  INFO 2300 --- [           main] org.mongodb.driver.cluster               : Waiting for server to become available for operation createIndexes with ID 5. Remaining time: 29986 ms. Selector: WritableServerSelector, topology description: {type=REPLICA_SET, servers=[{address=ac-xgimyhh-shard-00-00.l4wiwxi.mongodb.net:27017, type=UNKNOWN, state=CONNECTING}, {address=ac-xgimyhh-shard-00-01.l4wiwxi.mongodb.net:27017, type=UNKNOWN, state=CONNECTING}, {address=ac-xgimyhh-shard-00-02.l4wiwxi.mongodb.net:27017, type=UNKNOWN, state=CONNECTING}].
2026-04-28T19:38:16.548+05:30  INFO 2300 --- [ngodb.net:27017] org.mongodb.driver.cluster               : Monitor thread successfully connected to server with description ServerDescription{address=ac-xgimyhh-shard-00-00.l4wiwxi.mongodb.net:27017, type=REPLICA_SET_SECONDARY, cryptd=false, state=CONNECTED, ok=true, minWireVersion=0, maxWireVersion=25, maxDocumentSize=16777216, logicalSessionTimeoutMinutes=30, roundTripTimeNanos=385073300, minRoundTripTimeNanos=0, setName='atlas-10vxkf-shard-0', canonicalAddress=ac-xgimyhh-shard-00-00.l4wiwxi.mongodb.net:27017, hosts=[ac-xgimyhh-shard-00-02.l4wiwxi.mongodb.net:27017, ac-xgimyhh-shard-00-00.l4wiwxi.mongodb.net:27017, ac-xgimyhh-shard-00-01.l4wiwxi.mongodb.net:27017], passives=[], arbiters=[], primary='ac-xgimyhh-shard-00-01.l4wiwxi.mongodb.net:27017', tagSet=TagSet{[Tag{name='availabilityZone', value='aps1-az1'}, Tag{name='cacheState', value='READY'}, Tag{name='diskState', value='READY'}, Tag{name='nodeType', value='ELECTABLE'}, Tag{name='provider', value='AWS'}, Tag{name='region', value='AP_SOUTH_1'}, Tag{name='workloadType', value='OPERATIONAL'}]}, electionId=null, setVersion=223, topologyVersion=TopologyVersion{processId=69e7a84509aa58ba0dba2958, counter=4}, lastWriteDate=Tue Apr 28 19:38:15 IST 2026, lastUpdateTimeNanos=2487977668800}
2026-04-28T19:38:17.378+05:30  INFO 2300 --- [ngodb.net:27017] org.mongodb.driver.cluster               : Monitor thread successfully connected to server with description ServerDescription{address=ac-xgimyhh-shard-00-01.l4wiwxi.mongodb.net:27017, type=REPLICA_SET_PRIMARY, cryptd=false, state=CONNECTED, ok=true, minWireVersion=0, maxWireVersion=25, maxDocumentSize=16777216, logicalSessionTimeoutMinutes=30, roundTripTimeNanos=203744500, minRoundTripTimeNanos=0, setName='atlas-10vxkf-shard-0', canonicalAddress=ac-xgimyhh-shard-00-01.l4wiwxi.mongodb.net:27017, hosts=[ac-xgimyhh-shard-00-02.l4wiwxi.mongodb.net:27017, ac-xgimyhh-shard-00-00.l4wiwxi.mongodb.net:27017, ac-xgimyhh-shard-00-01.l4wiwxi.mongodb.net:27017], passives=[], arbiters=[], primary='ac-xgimyhh-shard-00-01.l4wiwxi.mongodb.net:27017', tagSet=TagSet{[Tag{name='availabilityZone', value='aps1-az3'}, Tag{name='cacheState', value='READY'}, Tag{name='diskState', value='READY'}, Tag{name='nodeType', value='ELECTABLE'}, Tag{name='provider', value='AWS'}, Tag{name='region', value='AP_SOUTH_1'}, Tag{name='workloadType', value='OPERATIONAL'}]}, electionId=7fffffff0000000000000145, setVersion=223, topologyVersion=TopologyVersion{processId=69e7a89dda9b992b0ef4ab1f, counter=6}, lastWriteDate=Tue Apr 28 19:38:15 IST 2026, lastUpdateTimeNanos=2488810560700}
2026-04-28T19:38:17.384+05:30  INFO 2300 --- [ngodb.net:27017] org.mongodb.driver.cluster               : Discovered replica set primary ac-xgimyhh-shard-00-01.l4wiwxi.mongodb.net:27017 with max election id 7fffffff0000000000000145 and max set version 223
2026-04-28T19:38:17.384+05:30  INFO 2300 --- [ngodb.net:27017] org.mongodb.driver.cluster               : Monitor thread successfully connected to server with description ServerDescription{address=ac-xgimyhh-shard-00-02.l4wiwxi.mongodb.net:27017, type=REPLICA_SET_SECONDARY, cryptd=false, state=CONNECTED, ok=true, minWireVersion=0, maxWireVersion=25, maxDocumentSize=16777216, logicalSessionTimeoutMinutes=30, roundTripTimeNanos=212456800, minRoundTripTimeNanos=0, setName='atlas-10vxkf-shard-0', canonicalAddress=ac-xgimyhh-shard-00-02.l4wiwxi.mongodb.net:27017, hosts=[ac-xgimyhh-shard-00-02.l4wiwxi.mongodb.net:27017, ac-xgimyhh-shard-00-00.l4wiwxi.mongodb.net:27017, ac-xgimyhh-shard-00-01.l4wiwxi.mongodb.net:27017], passives=[], arbiters=[], primary='ac-xgimyhh-shard-00-01.l4wiwxi.mongodb.net:27017', tagSet=TagSet{[Tag{name='availabilityZone', value='aps1-az2'}, Tag{name='cacheState', value='READY'}, Tag{name='diskState', value='READY'}, Tag{name='nodeType', value='ELECTABLE'}, Tag{name='provider', value='AWS'}, Tag{name='region', value='AP_SOUTH_1'}, Tag{name='workloadType', value='OPERATIONAL'}]}, electionId=null, setVersion=223, topologyVersion=TopologyVersion{processId=69e7a8f412377a321145311b, counter=3}, lastWriteDate=Tue Apr 28 19:38:15 IST 2026, lastUpdateTimeNanos=2488816704400}
2026-04-28T19:38:18.434+05:30  INFO 2300 --- [           main] o.s.boot.tomcat.TomcatWebServer          : Tomcat started on port 8082 (http) with context path '/'
2026-04-28T19:38:18.444+05:30  INFO 2300 --- [           main] n.e.JournalApp.JournalAppApplication     : Started JournalAppApplication in 5.943 seconds (process running for 6.653)
2026-04-28T19:38:57.775+05:30  INFO 2300 --- [nio-8082-exec-2] o.a.c.c.C.[Tomcat].[localhost].[/]       : Initializing Spring DispatcherServlet 'dispatcherServlet'
2026-04-28T19:38:57.778+05:30  INFO 2300 --- [nio-8082-exec-2] o.s.web.servlet.DispatcherServlet        : Initializing Servlet 'dispatcherServlet'
2026-04-28T19:38:57.780+05:30  INFO 2300 --- [nio-8082-exec-2] o.s.web.servlet.DispatcherServlet        : Completed initialization in 1 ms
2026-04-28T19:38:57.804+05:30  WARN 2300 --- [nio-8082-exec-2] .w.s.m.s.DefaultHandlerExceptionResolver : Resolved [org.springframework.web.HttpRequestMethodNotSupportedException: Request method 'POST' is not supported]
2026-04-28T19:39:19.700+05:30  WARN 2300 --- [nio-8082-exec-3] .w.s.m.s.DefaultHandlerExceptionResolver : Resolved [org.springframework.web.HttpRequestMethodNotSupportedException: Request method 'POST' is not supported]
