[INFO] Scanning for projects...
[INFO] 
[INFO] -----------------< net.engineeringDigestt:JournalApp >------------------
[INFO] Building  0.0.1-SNAPSHOT
[INFO]   from pom.xml
[INFO] --------------------------------[ jar ]---------------------------------
[INFO] 
[INFO] >>> spring-boot:4.0.4:run (default-cli) > test-compile @ JournalApp >>>
[INFO] 
[INFO] --- resources:3.3.1:resources (default-resources) @ JournalApp ---
[INFO] Copying 1 resource from src\main\resources to target\classes
[INFO] Copying 0 resource from src\main\resources to target\classes
[INFO] 
[INFO] --- compiler:3.14.1:compile (default-compile) @ JournalApp ---
[INFO] Nothing to compile - all classes are up to date.
[INFO] 
[INFO] --- resources:3.3.1:testResources (default-testResources) @ JournalApp ---
[INFO] skip non existing resourceDirectory D:\JournalApp\JournalAppp\src\test\resources
[INFO] 
[INFO] --- compiler:3.14.1:testCompile (default-testCompile) @ JournalApp ---
[INFO] Nothing to compile - all classes are up to date.
[INFO] 
[INFO] <<< spring-boot:4.0.4:run (default-cli) < test-compile @ JournalApp <<<
[INFO] 
[INFO] 
[INFO] --- spring-boot:4.0.4:run (default-cli) @ JournalApp ---
[INFO] Attaching agents: []

  .   ____          _            __ _ _
 /\\ / ___'_ __ _ _(_)_ __  __ _ \ \ \ \
( ( )\___ | '_ | '_| | '_ \/ _` | \ \ \ \
 \\/  ___)| |_)| | | | | || (_| |  ) ) ) )
  '  |____| .__|_| |_|_| |_\__, | / / / /
 =========|_|==============|___/=/_/_/_/

 :: Spring Boot ::                (v4.0.4)

2026-04-28T19:27:21.441+05:30  INFO 18948 --- [           main] n.e.JournalApp.JournalAppApplication     : Starting JournalAppApplication using Java 25.0.2 with PID 18948 (D:\JournalApp\JournalAppp\target\classes started by Prash in D:\JournalApp\JournalAppp)
2026-04-28T19:27:21.448+05:30  INFO 18948 --- [           main] n.e.JournalApp.JournalAppApplication     : No active profile set, falling back to 1 default profile: "default"
2026-04-28T19:27:22.278+05:30  INFO 18948 --- [           main] .s.d.r.c.RepositoryConfigurationDelegate : Bootstrapping Spring Data MongoDB repositories in DEFAULT mode.
2026-04-28T19:27:22.361+05:30  INFO 18948 --- [           main] .s.d.r.c.RepositoryConfigurationDelegate : Finished Spring Data repository scanning in 74 ms. Found 2 MongoDB repository interfaces.
2026-04-28T19:27:23.382+05:30  INFO 18948 --- [           main] o.s.boot.tomcat.TomcatWebServer          : Tomcat initialized with port 8081 (http)
2026-04-28T19:27:23.436+05:30  INFO 18948 --- [           main] o.apache.catalina.core.StandardService   : Starting service [Tomcat]
2026-04-28T19:27:23.436+05:30  INFO 18948 --- [           main] o.apache.catalina.core.StandardEngine    : Starting Servlet engine: [Apache Tomcat/11.0.18]
2026-04-28T19:27:23.665+05:30  INFO 18948 --- [           main] b.w.c.s.WebApplicationContextInitializer : Root WebApplicationContext: initialization completed in 2137 ms
2026-04-28T19:27:25.131+05:30  INFO 18948 --- [           main] org.mongodb.driver.client                : MongoClient with metadata {"application": {"name": "Cluster0"}, "driver": {"name": "mongo-java-driver|spring-boot|sync", "version": "5.6.4"}, "os": {"type": "Windows", "name": "Windows 11", "architecture": "amd64", "version": "10.0"}, "platform": "Java/Eclipse Adoptium/25.0.2+10-LTS"} created with settings MongoClientSettings{readPreference=primary, writeConcern=WriteConcern{w=null, wTimeout=null ms, journal=null}, retryWrites=true, retryReads=true, readConcern=ReadConcern{level=null}, credential=MongoCredential{mechanism=null, userName='greatmanfor01_db_user', source='admin', password=<hidden>, mechanismProperties=<hidden>}, transportSettings=null, commandListeners=[], codecRegistry=ProvidersCodecRegistry{codecProviders=[ValueCodecProvider{}, BsonValueCodecProvider{}, DBRefCodecProvider{}, DBObjectCodecProvider{}, DocumentCodecProvider{}, CollectionCodecProvider{}, IterableCodecProvider{}, MapCodecProvider{}, GeoJsonCodecProvider{}, GridFSFileCodecProvider{}, Jsr310CodecProvider{}, JsonObjectCodecProvider{}, BsonCodecProvider{}, com.mongodb.client.model.mql.ExpressionCodecProvider@2a235b8e, com.mongodb.Jep395RecordCodecProvider@76536c53, com.mongodb.KotlinCodecProvider@38d08cb5, EnumCodecProvider{}]}, loggerSettings=LoggerSettings{maxDocumentLength=1000}, clusterSettings={hosts=[127.0.0.1:27017], srvHost=cluster0.l4wiwxi.mongodb.net, srvServiceName=mongodb, mode=MULTIPLE, requiredClusterType=REPLICA_SET, requiredReplicaSetName='atlas-10vxkf-shard-0', serverSelector='null', clusterListeners='[]', serverSelectionTimeout='30000 ms', localThreshold='15 ms'}, socketSettings=SocketSettings{connectTimeoutMS=10000, readTimeoutMS=0, receiveBufferSize=0, proxySettings=ProxySettings{host=null, port=null, username=null, password=null}}, heartbeatSocketSettings=SocketSettings{connectTimeoutMS=10000, readTimeoutMS=10000, receiveBufferSize=0, proxySettings=ProxySettings{host=null, port=null, username=null, password=null}}, connectionPoolSettings=ConnectionPoolSettings{maxSize=100, minSize=0, maxWaitTimeMS=120000, maxConnectionLifeTimeMS=0, maxConnectionIdleTimeMS=0, maintenanceInitialDelayMS=0, maintenanceFrequencyMS=60000, connectionPoolListeners=[], maxConnecting=2}, serverSettings=ServerSettings{heartbeatFrequencyMS=10000, minHeartbeatFrequencyMS=500, serverMonitoringMode=AUTO, serverListeners='[]', serverMonitorListeners='[]'}, sslSettings=SslSettings{enabled=true, invalidHostNameAllowed=false, context=null}, applicationName='Cluster0', compressorList=[], uuidRepresentation=UNSPECIFIED, serverApi=null, autoEncryptionSettings=null, dnsClient=null, inetAddressResolver=null, contextProvider=null, timeoutMS=null}
2026-04-28T19:27:25.389+05:30  INFO 18948 --- [wxi.mongodb.net] org.mongodb.driver.cluster               : Adding discovered server ac-xgimyhh-shard-00-02.l4wiwxi.mongodb.net:27017 to client view of cluster
2026-04-28T19:27:25.416+05:30  INFO 18948 --- [wxi.mongodb.net] org.mongodb.driver.cluster               : Adding discovered server ac-xgimyhh-shard-00-00.l4wiwxi.mongodb.net:27017 to client view of cluster
2026-04-28T19:27:25.417+05:30  INFO 18948 --- [wxi.mongodb.net] org.mongodb.driver.cluster               : Adding discovered server ac-xgimyhh-shard-00-01.l4wiwxi.mongodb.net:27017 to client view of cluster
2026-04-28T19:27:25.455+05:30  INFO 18948 --- [           main] org.mongodb.driver.cluster               : Waiting for server to become available for operation createIndexes with ID 5. Remaining time: 29987 ms. Selector: WritableServerSelector, topology description: {type=REPLICA_SET, servers=[{address=ac-xgimyhh-shard-00-00.l4wiwxi.mongodb.net:27017, type=UNKNOWN, state=CONNECTING}, {address=ac-xgimyhh-shard-00-01.l4wiwxi.mongodb.net:27017, type=UNKNOWN, state=CONNECTING}, {address=ac-xgimyhh-shard-00-02.l4wiwxi.mongodb.net:27017, type=UNKNOWN, state=CONNECTING}].
2026-04-28T19:27:26.479+05:30  INFO 18948 --- [ngodb.net:27017] org.mongodb.driver.cluster               : Monitor thread successfully connected to server with description ServerDescription{address=ac-xgimyhh-shard-00-02.l4wiwxi.mongodb.net:27017, type=REPLICA_SET_SECONDARY, cryptd=false, state=CONNECTED, ok=true, minWireVersion=0, maxWireVersion=25, maxDocumentSize=16777216, logicalSessionTimeoutMinutes=30, roundTripTimeNanos=532094600, minRoundTripTimeNanos=0, setName='atlas-10vxkf-shard-0', canonicalAddress=ac-xgimyhh-shard-00-02.l4wiwxi.mongodb.net:27017, hosts=[ac-xgimyhh-shard-00-02.l4wiwxi.mongodb.net:27017, ac-xgimyhh-shard-00-00.l4wiwxi.mongodb.net:27017, ac-xgimyhh-shard-00-01.l4wiwxi.mongodb.net:27017], passives=[], arbiters=[], primary='ac-xgimyhh-shard-00-01.l4wiwxi.mongodb.net:27017', tagSet=TagSet{[Tag{name='availabilityZone', value='aps1-az2'}, Tag{name='cacheState', value='READY'}, Tag{name='diskState', value='READY'}, Tag{name='nodeType', value='ELECTABLE'}, Tag{name='provider', value='AWS'}, Tag{name='region', value='AP_SOUTH_1'}, Tag{name='workloadType', value='OPERATIONAL'}]}, electionId=null, setVersion=223, topologyVersion=TopologyVersion{processId=69e7a8f412377a321145311b, counter=3}, lastWriteDate=Tue Apr 28 19:27:25 IST 2026, lastUpdateTimeNanos=1837906157700}
2026-04-28T19:27:26.479+05:30  INFO 18948 --- [ngodb.net:27017] org.mongodb.driver.cluster               : Monitor thread successfully connected to server with description ServerDescription{address=ac-xgimyhh-shard-00-01.l4wiwxi.mongodb.net:27017, type=REPLICA_SET_PRIMARY, cryptd=false, state=CONNECTED, ok=true, minWireVersion=0, maxWireVersion=25, maxDocumentSize=16777216, logicalSessionTimeoutMinutes=30, roundTripTimeNanos=511061700, minRoundTripTimeNanos=0, setName='atlas-10vxkf-shard-0', canonicalAddress=ac-xgimyhh-shard-00-01.l4wiwxi.mongodb.net:27017, hosts=[ac-xgimyhh-shard-00-02.l4wiwxi.mongodb.net:27017, ac-xgimyhh-shard-00-00.l4wiwxi.mongodb.net:27017, ac-xgimyhh-shard-00-01.l4wiwxi.mongodb.net:27017], passives=[], arbiters=[], primary='ac-xgimyhh-shard-00-01.l4wiwxi.mongodb.net:27017', tagSet=TagSet{[Tag{name='availabilityZone', value='aps1-az3'}, Tag{name='cacheState', value='READY'}, Tag{name='diskState', value='READY'}, Tag{name='nodeType', value='ELECTABLE'}, Tag{name='provider', value='AWS'}, Tag{name='region', value='AP_SOUTH_1'}, Tag{name='workloadType', value='OPERATIONAL'}]}, electionId=7fffffff0000000000000145, setVersion=223, topologyVersion=TopologyVersion{processId=69e7a89dda9b992b0ef4ab1f, counter=6}, lastWriteDate=Tue Apr 28 19:27:25 IST 2026, lastUpdateTimeNanos=1837906157700}
2026-04-28T19:27:26.479+05:30  INFO 18948 --- [ngodb.net:27017] org.mongodb.driver.cluster               : Monitor thread successfully connected to server with description ServerDescription{address=ac-xgimyhh-shard-00-00.l4wiwxi.mongodb.net:27017, type=REPLICA_SET_SECONDARY, cryptd=false, state=CONNECTED, ok=true, minWireVersion=0, maxWireVersion=25, maxDocumentSize=16777216, logicalSessionTimeoutMinutes=30, roundTripTimeNanos=557559800, minRoundTripTimeNanos=0, setName='atlas-10vxkf-shard-0', canonicalAddress=ac-xgimyhh-shard-00-00.l4wiwxi.mongodb.net:27017, hosts=[ac-xgimyhh-shard-00-02.l4wiwxi.mongodb.net:27017, ac-xgimyhh-shard-00-00.l4wiwxi.mongodb.net:27017, ac-xgimyhh-shard-00-01.l4wiwxi.mongodb.net:27017], passives=[], arbiters=[], primary='ac-xgimyhh-shard-00-01.l4wiwxi.mongodb.net:27017', tagSet=TagSet{[Tag{name='availabilityZone', value='aps1-az1'}, Tag{name='cacheState', value='READY'}, Tag{name='diskState', value='READY'}, Tag{name='nodeType', value='ELECTABLE'}, Tag{name='provider', value='AWS'}, Tag{name='region', value='AP_SOUTH_1'}, Tag{name='workloadType', value='OPERATIONAL'}]}, electionId=null, setVersion=223, topologyVersion=TopologyVersion{processId=69e7a84509aa58ba0dba2958, counter=4}, lastWriteDate=Tue Apr 28 19:27:25 IST 2026, lastUpdateTimeNanos=1837906157800}
2026-04-28T19:27:26.487+05:30  INFO 18948 --- [ngodb.net:27017] org.mongodb.driver.cluster               : Discovered replica set primary ac-xgimyhh-shard-00-01.l4wiwxi.mongodb.net:27017 with max election id 7fffffff0000000000000145 and max set version 223
2026-04-28T19:27:27.653+05:30  INFO 18948 --- [           main] o.s.boot.tomcat.TomcatWebServer          : Tomcat started on port 8081 (http) with context path '/'
2026-04-28T19:27:27.663+05:30  INFO 18948 --- [           main] n.e.JournalApp.JournalAppApplication     : Started JournalAppApplication in 6.806 seconds (process running for 7.339)
2026-04-28T19:30:44.791+05:30  INFO 18948 --- [nio-8081-exec-2] o.a.c.c.C.[Tomcat].[localhost].[/]       : Initializing Spring DispatcherServlet 'dispatcherServlet'
2026-04-28T19:30:44.794+05:30  INFO 18948 --- [nio-8081-exec-2] o.s.web.servlet.DispatcherServlet        : Initializing Servlet 'dispatcherServlet'
2026-04-28T19:30:44.803+05:30  INFO 18948 --- [nio-8081-exec-2] o.s.web.servlet.DispatcherServlet        : Completed initialization in 7 ms
2026-04-28T19:32:13.537+05:30  WARN 18948 --- [nio-8081-exec-5] .w.s.m.s.DefaultHandlerExceptionResolver : Resolved [org.springframework.http.converter.HttpMessageNotReadableException: JSON parse error: Unexpected end-of-input: expected close marker for Object (start marker at [Source: REDACTED (`StreamReadFeature.INCLUDE_SOURCE_IN_LOCATION` disabled); byte offset: #UNKNOWN])]
2026-04-28T19:37:28.850+05:30  WARN 18948 --- [io-8081-exec-10] .w.s.m.s.DefaultHandlerExceptionResolver : Resolved [org.springframework.web.HttpRequestMethodNotSupportedException: Request method 'POST' is not supported]
